// Jest Snapshot v1, https://goo.gl/fbAQLP

exports[`Admin DatabaseList deletes 1`] = `
<React.Fragment>
  <p>
    The database

    <b>
      db 0
    </b>

    is linked to 0 charts that appear on 0 dashboards and users have 0 SQL Lab tabs using this database open. Are you sure you want to continue? Deleting the database will break those objects.
  </p>
</React.Fragment>
`;

exports[`Admin DatabaseList filters: "http://localhost/api/v1/database/?q=(filters:!((col:database_name,opr:ct,value:fooo),(col:expose_in_sqllab,opr:eq,value:!t),(col:allow_run_async,opr:eq,value:!f)),order_column:changed_on_delta_humanized,order_direction:desc,page:0,page_size:25)" 1`] = `"http://localhost/api/v1/database/?q=(filters:!((col:database_name,opr:ct,value:fooo),(col:expose_in_sqllab,opr:eq,value:!t),(col:allow_run_async,opr:eq,value:!f)),order_column:changed_on_delta_humanized,order_direction:desc,page:0,page_size:25)"`;
